// Jest Snapshot v1, https://goo.gl/fbAQLP

exports[`TodosList matches snapshot 1`] = `null`;
