// Jest Snapshot v1, https://goo.gl/fbAQLP

exports[`Sorting matches snapshot 1`] = `
<div
  className="sorting"
>
  <h3
    className="sorting__title"
    onClick={[Function]}
    onKeyDown={[Function]}
    tabIndex={0}
  >
    âœ¨ Sort tasks by: 
    CREATION DATE
  </h3>
</div>
`;
