// Jest Snapshot v1, https://goo.gl/fbAQLP

exports[`Checkbox matches snapshot 1`] = `
<span
  className="checkbox test"
  data-testid="checkbox"
>
  <input
    checked={false}
    className="checkbox__input"
    data-testid="checkbox-input"
    id="test"
    onChange={[Function]}
    type="checkbox"
  />
  <label
    className="checkbox__square"
    data-testid="checkbox-square"
    htmlFor="test"
    onKeyDown={[Function]}
    tabIndex={0}
  />
</span>
`;
