// Jest Snapshot v1, https://goo.gl/fbAQLP

exports[`Sorting matches snapshot 1`] = `
<div
  className="sc-dcJsrY hdoBlg"
>
  <span
    className="sc-aXZVg ZiuFJ checkbox"
    data-testid="sort-checked"
  >
    <input
      checked={false}
      className="sc-eqUAAy dAZlDD"
      data-testid="sort-checked-input"
      id="#sort-checked"
      onChange={[Function]}
      type="checkbox"
    />
    <label
      className="sc-gEvEer bIYNgM"
      data-testid="sort-checked-square"
      htmlFor="#sort-checked"
      onKeyDown={[Function]}
      tabIndex={0}
    />
  </span>
  <label
    className="sc-fqkvVR gTphDY label"
    data-testid="label"
    htmlFor="#sort-checked"
  >
    Hide completed
  </label>
</div>
`;
