// Jest Snapshot v1, https://goo.gl/fbAQLP

exports[`Checkbox matches snapshot 1`] = `
<label
  className="label test"
  data-testid="label"
  htmlFor="test"
>
  Test
</label>
`;
