// Jest Snapshot v1, https://goo.gl/fbAQLP

exports[`Button matches snapshot 1`] = `
<button
  className="button test"
  data-testid="button"
  disabled={false}
  onClick={[Function]}
  type="submit"
>
  Text
</button>
`;
