// Jest Snapshot v1, https://goo.gl/fbAQLP

exports[`Sorting matches snapshot 1`] = `
<div
  className="clear-local-storage"
/>
`;
