// Jest Snapshot v1, https://goo.gl/fbAQLP

exports[`Todo Functionality matches snapshot 1`] = `
<div
  className="app"
>
  <div
    className="app__head"
  >
    <h1
      className="app__title"
    >
      Todo List
    </h1>
    <img
      alt=""
      className="app__head-img"
      src=""
    />
    <img
      alt=""
      className="app__head-img app__head-img--redux"
      src=""
    />
    <img
      alt=""
      className="app__head-img app__head-img"
      src=""
    />
  </div>
  <form
    className="sc-ewnqHT dkEVeG"
  >
    <input
      className="sc-gTRrQi ftFmhr input"
      data-testid="todo-input"
      id="new-todo-input"
      onChange={[Function]}
      placeholder="Write new task here..."
      type="text"
      value=""
    />
    <button
      className="sc-bgqQcB jbxjhH button"
      data-testid="todo-create-btn"
      disabled={true}
      onClick={[Function]}
      type="submit"
    >
      Add
    </button>
  </form>
</div>
`;
